// Jest Snapshot v1, https://goo.gl/fbAQLP

exports[`CarouselSlide renders correctly 1`] = `ShallowWrapper {}`;

exports[`Img renders an <img> with the given src 1`] = `
.c0 {
  object-fit: cover;
  width: 100%;
  height: 500px;
}

<img
  className="c0"
  src="https://example.com/default.jpg"
/>
`;

exports[`Img renders correctly 1`] = `ReactWrapper {}`;
